// Jest Snapshot v1, https://goo.gl/fbAQLP

exports[`SearchField component should render 1`] = `
<form
  className="input-group"
  onSubmit={[Function]}
>
  <input
    className="input-group-field"
    placeholder="ENST00000620613, A7E2Y1, ..."
    type="text"
  />
  <div
    className="input-group-button"
  >
    <button
      className="button"
      type="submit"
    >
      Submit
    </button>
  </div>
</form>
`;
